PIPELINE G6 / v1_052 — relief Copernicus DEM, barrières, cols
pipeline_version: 1.7.0-g6-v1_052
projection: EPSG:3035 (fallback=False)

=== cache DEM (une seule verification) ===
  tuiles: 179/179 verifiees
  collective_ok: True recette=sha256_concat_sorted_name_plus_tile_sha256_hex

=== entrees lues (une seule fois) ===
  cellules: 596
  aretes adjacency_g5: 2085

=== relief par cellule (D3-D5) ===
  cell_count: 596
  echantillons_exclus_hors_plage: 21
  elev_distribution: {'min': -2.74, 'max': 1787.92, 'mean': 50.4, 'median': 0.0}
  below_0_land_km2: 4913.348

=== barrières et cols (D6-D7) ===
  barrier_count: 14
  pass_count: 14
  passes_nommes_trouves: 2 / 9

=== captures regardees ===
  v1_052_elevation_window.png : altitude moyenne par cellule sur la
  fenetre pilote (palette terrain continue, pas un hillshade — A12 hors
  portee). Les massifs (Alpes, Pyrenees, Massif central) ressortent
  en teintes claires ; plaines et bassins en vert/jaune bas.
  v1_052_barriers_passes.png : zoom Pyrenees/Alpes — traits rouges =
  aretes barriere relief ; etoiles vertes = cols nommes (G6_KNOWN_PASSES),
  croix bleues = cols derives g6_derived_*.

=== controles verts (donnee saine) ===
  Q10 green=True red_ok=True passed=True detail=match_on=8_files
  G6-A green=True red_ok=True passed=True detail=verified=179/179 collective=True
  G6-B green=True red_ok=True passed=True detail=ok n=596
  G6-C green=True red_ok=True passed=True detail=ok range=[-80.0,4800.0]
  G6-D green=True red_ok=True passed=True detail=ok
  G6-E green=True red_ok=True passed=True detail=base=596 relief=596 equal=True expected=596

=== preuves rouges (un cas par controle) ===
  Q10: became_red=True case=empreintes_divergentes_forcees_sur_artifacts/MANIFEST_g6.json
  G6-A: became_red=True case=dem_ok=false avant lecture
  G6-B: became_red=True case=cellule_1175_sample_count_zero
  G6-C: became_red=True case=cellule_1175_altitude_hors_plage
  G6-D: became_red=True case=arete_10170_10173_crossing_sous_centroide
  G6-E: became_red=True case=cell_id_10466_retire

=== determinisme SHA256 (passe 1 vs passe 2) ===
  artifacts/MANIFEST_g6.json: match=True
    passe1=eefec6e755ca14d38e689225dacb116c7195b57f02ecd319472d03283f1167fd
    passe2=eefec6e755ca14d38e689225dacb116c7195b57f02ecd319472d03283f1167fd
  artifacts/adjacency_g6.json: match=True
    passe1=eef1a62d3638a20c2b69d1649553abaf16252fbf3f08c1b8c577a6e81d95bdb1
    passe2=eef1a62d3638a20c2b69d1649553abaf16252fbf3f08c1b8c577a6e81d95bdb1
  artifacts/cells_relief_g6.json: match=True
    passe1=df25948706b91868df027df463e7ec5d0f6015b74401413ff405cf1b32d20b20
    passe2=df25948706b91868df027df463e7ec5d0f6015b74401413ff405cf1b32d20b20
  artifacts/passes_g6.json: match=True
    passe1=b7733d28d68df3df7ae2374087932bf5e09c2a9476b0e027e1a0fad1a426dad1
    passe2=b7733d28d68df3df7ae2374087932bf5e09c2a9476b0e027e1a0fad1a426dad1
  artifacts/stats_g6.json: match=True
    passe1=30d72dd46136abf8321bb0661156efcbc7c4568cf48098062fcb6f64101583f1
    passe2=30d72dd46136abf8321bb0661156efcbc7c4568cf48098062fcb6f64101583f1
  capture/v1_052_barriers_passes.png: match=True
    passe1=486a00c10171cf5ad1e5e96975c32518ba63be0c65910a151917402048e39365
    passe2=486a00c10171cf5ad1e5e96975c32518ba63be0c65910a151917402048e39365
  capture/v1_052_elevation_window.png: match=True
    passe1=231d988e9299b19f3cb62ad1d6503034e7f2b8184e04569dd05351041042a215
    passe2=231d988e9299b19f3cb62ad1d6503034e7f2b8184e04569dd05351041042a215
  registry/relief_registry.json: match=True
    passe1=7b062564d3f65cf094e01538f2aed9a874890d10bb9541d36eb23a36cd12f693
    passe2=7b062564d3f65cf094e01538f2aed9a874890d10bb9541d36eb23a36cd12f693

=== faits structurels mesures ===
  barrier_count_positif: True
  cellules_sans_echantillon_zero: True
  pass_count_egale_barrier_count: True
  passes_nommes_dans_fourchette: True

captures: {"elevation_window": "/home/hermes/src/ForgeHistory/.forgepilot/worktrees/024-geo-relief-g6/pipeline/geo/capture/v1_052_elevation_window.png", "barriers_passes": "/home/hermes/src/ForgeHistory/.forgepilot/worktrees/024-geo-relief-g6/pipeline/geo/capture/v1_052_barriers_passes.png"}
duree totale de la preuve: 2096.746 s

MESURE : 596 cellules, barrieres=14 passes=14, cols nommes=2/9 ; 6/6 controles verts et rouges constates ; deux passes identiques en SHA256=OK sur 8 fichiers
