PIPELINE G5 / v1_060 — fleuves, aretes enrichies, embouchures
pipeline_version: 1.6.0-g5-v1_051
projection: EPSG:3035 (fallback=False)

=== entrees lues (une seule fois) ===
  cellules: 596
  aretes adjacency_g4: 2085
  zones de mer: 40
  couche source: ne_10m_rivers_lake_centerlines

=== troncons (D2) ===
  segment_count: 157
  navigability_counts: {'navigable': 36, 'indeterminate': 92, 'non_navigable': 29} (somme=157)
  bornes lues: navigable_max=5 non_nav_min=9
  fleuves_nommes_trouves: 9 / 9
  trouves: ['Escaut', 'Garonne', 'Loire', 'Meuse', 'Rhin', 'Rhône', 'Seine', 'Severn', 'Tamise']
  absents: []

=== rattachement et mer (D4, D5) ===
  intersect_eps_m lu: 1.0
  sea_only_fraction lu: 0.95

=== aretes enrichies (D3) ===
  Classification D3 (navigabilite seule) : artery = tous les troncons
  touchants navigable ; crossing = aucun navigable ; both = melange.
  Ce que cette classification ne dit pas : elle ne dit pas que le fleuve
  longe la frontiere, ni qu'il constitue un corridor de transport continu
  le long de cette arete. Mesure : un fleuve artery longe la frontiere
  partagee sur 3 % de sa longueur au maximum — il la touche, il ne la
  suit pas. On peut embarquer ici ; on ne circule pas le long de la
  frontiere.
  aretes_terre_terre_totales: 917
  aretes_terre_terre_avec_fleuve: 276
  artery=72 crossing=195 both=9 (somme=276)

=== embouchures (D6) ===
  mouth_count / embouchures_mesurees: 57
  embouchures_zone_non_adjacente: 0
  mouth_snap_m lu: 250.0

=== captures regardees ===
  v1_060_rivers_window.png : troncons colores par navigabilite sur la
  fenetre pilote (bleu=navigable, jaune=indetermine, brun=non_navigable).
  Terre en vert clair ; lacs alpins et bassins fermes (anneaux
  interieurs) visibles en bleu mer au coeur de la terre — plus de lacs
  remplis en vert. Seine/Loire/Rhin/Danube/Po en traits bleus epais la
  ou scalerank le dit ; aucun trait ne traverse la pleine mer hors
  centre-lignes de lac.
  v1_060_artery_crossing_both.png : zoom Manche / bas Rhin — traits
  rouges = artery (tous navigables, D3), violet = crossing (aucun
  navigable), cyan = both (melange). Pas un corridor le long de la
  frontiere : les traits relient des centroides de cellules touchees.
  Les trois classes coexistent (delta neerlandais, Seine) ; mer et
  lacs peints en bleu, terre en vert.

=== controles verts (donnee saine) ===
  Q1 green=True red_ok=True passed=True detail=ok n=157
  Q10 green=True red_ok=True passed=True detail=match_on=8_files
  G5-A green=True red_ok=True passed=True detail=ok
  G5-B green=True red_ok=True passed=True detail=ok
  G5-C green=True red_ok=True passed=True detail=ok
  G5-D green=True red_ok=True passed=True detail=ok n=57

=== preuves rouges (un cas par controle) ===
  Q1: became_red=True case=troncon_ne_1159109475_coordonnee_nan
  Q10: became_red=True case=empreintes_divergentes_forcees_sur_artifacts/MANIFEST_g5.json
  G5-A: became_red=True case=rattachement_force_cellule_1175_sur_ne_1159109475
  G5-B: became_red=True case=troncon_entierement_en_pleine_mer_injecte
  G5-C: became_red=True case=arete_8924_10167_fluvial_artery_sans_artery_rivers
  G5-D: became_red=True case=embouchure_zone_plus_proche_non_adjacente_aux_cellules

=== determinisme SHA256 (passe 1 vs passe 2) ===
  artifacts/MANIFEST_g5.json: match=True
    passe1=9201a8e5478edcb7d925621d129b819a9bb3782f645d03861e85f0dba735c577
    passe2=9201a8e5478edcb7d925621d129b819a9bb3782f645d03861e85f0dba735c577
  artifacts/adjacency_g5.json: match=True
    passe1=bd5110294590661ae44375c5f64753d86b3a54f677843a7489b11a8c5dfd66fb
    passe2=bd5110294590661ae44375c5f64753d86b3a54f677843a7489b11a8c5dfd66fb
  artifacts/mouths_g5.json: match=True
    passe1=e430904928a8b5d5c4874f9ce6562d5c1ccea14b60810dbd3fb791a200a555b5
    passe2=e430904928a8b5d5c4874f9ce6562d5c1ccea14b60810dbd3fb791a200a555b5
  artifacts/rivers_g5.json: match=True
    passe1=f9559f3a4adbe1258b15aa31fb9081ae0dd409dffb3518de8e1a769d8faed79b
    passe2=f9559f3a4adbe1258b15aa31fb9081ae0dd409dffb3518de8e1a769d8faed79b
  artifacts/stats_g5.json: match=True
    passe1=465ea65b16f735df4df9fb0e9b94a608a48b2ab3baa3e148ab2f21a3e29b6715
    passe2=465ea65b16f735df4df9fb0e9b94a608a48b2ab3baa3e148ab2f21a3e29b6715
  capture/v1_060_artery_crossing_both.png: match=True
    passe1=931f60a0f0cc87a23858dea1b4331b61a8b02377f79793b571831e3e78352ba6
    passe2=931f60a0f0cc87a23858dea1b4331b61a8b02377f79793b571831e3e78352ba6
  capture/v1_060_rivers_window.png: match=True
    passe1=8be4257a61f491a5c11c761db4767bc0e9fb29706381f1900f330b576c7118a6
    passe2=8be4257a61f491a5c11c761db4767bc0e9fb29706381f1900f330b576c7118a6
  registry/river_registry.json: match=True
    passe1=21774cf9e3f7f3f8f7ff41dbf48ce18075ac1e5a63e97331f0914e563545605d
    passe2=21774cf9e3f7f3f8f7ff41dbf48ce18075ac1e5a63e97331f0914e563545605d

=== faits structurels mesures ===
  aretes_terre_terre_avec_fleuve_positif: True
  artery_count_positif: True
  classes_aretes_somment_a_aretes_avec_fleuve: True
  fleuves_nommes_dans_la_fourchette: True
  navigability_counts_somment_a_segment_count: True
  segment_count_positif: True

captures: {"rivers_window": "/home/liagrep/src/ForgeHistory/.forgepilot/worktrees/g5-fleuves/pipeline/geo/capture/v1_060_rivers_window.png", "artery_crossing_both": "/home/liagrep/src/ForgeHistory/.forgepilot/worktrees/g5-fleuves/pipeline/geo/capture/v1_060_artery_crossing_both.png"}
duree totale de la preuve: 7.188 s

MESURE : 157 troncons nav={'navigable': 36, 'indeterminate': 92, 'non_navigable': 29}, aretes avec fleuve=276 (artery=72 crossing=195 both=9), embouchures=57, fleuves nommes=9/9 ; 6/6 controles verts et rouges constates ; deux passes identiques en SHA256=OK sur 8 fichiers
