PIPELINE G3-bis / v1_049 — maille jouable (espacement r(x) + Lloyd fixe)
pipeline_version: 1.4.0-g3-v1_049
projection: EPSG:3035
projection_fallback: False
land_source: {'coastline_1400': 'c5bb03c12cf09e5e5308afc4b9eb63e78070c4b363ab34e6e143d0a33081013e', 'cities': 'e2052ac855692316fbda19c9ae4a8d76bb9d7e196ccdf5702b43f672fbbcebfb', 'city_coordinates': '052f7f4bfcf0bf16caff2ee9ea6048bd89c9b4200430749918ea48a6e69e00aa'}
parts_count: 213

=== champ r(x) ===
  name: urban_influence_to_min_spacing
  formula: rho(x)=rho0+sum_c ln(1+pop_c)/(1+(d/R)^2) ; r(x)=r_ceil-(r_ceil-r_floor)*smoothstep(norm(rho))
  r_floor_m: 18000.0  r_ceil_m: 95000.0  ratio: 5.277778
  lloyd_iterations: 10 (FIXE)
  rho_bounds: {'lo': 0.8586783335313628, 'hi': 21.523745235095515}
  r_m_observed: {'min': 18000.0, 'median': 89506.896439, 'max': 95000.0}
  justification: v1_048 empilait des germes près des villes (coincidence) → rosettes d'échardes. Ici la même influence urbaine pilote r(x) : plancher 18 km près des villes (hex≈280 km², borne la plus petite cellule continentale) ; plafond 95 km loin d'elles (hex≈7800 km², borne la plus grande). Rapport r_ceil/r_floor≈5.28 = vraie mesure de variation de densité. Poisson à rayon variable : deux germes jamais plus proches que (r(p)+r(q))/2. Lloyd à 10 itérations FIXES (déterminisme). Compacité plancher 0.18 : interdit les échardes (v1_048 min 0.105) ; les îles singleton restent exemptées (côte NE fractal). Raffinement montagne/forêt REGISTRÉ pour G6 — pas simulé.
  count_justification: Nombre = résultat du Poisson r∈[18000.0,95000.0] m sur la terre, pas un quota. Bornes surface [200.0,15000.0] km² dérivées de hex(r).

=== semis / cellules ===
  seeds: 405
  cells: 401
  id_range: 1164 .. 1564
  urban_anchors: 198
  mandatory_masses: 213

=== surfaces km2 (min / p10 / mediane / p90 / max) ===
  0.000554 / 51.168079 / 2875.050544 / 43710.945378 / 950145.028424
  max/median=330.479417 ceil=8.0
  bounds floor=200.0 ceil=15000.0 singleton_exempt=205
=== compacite Polsby-Popper (min / mediane) ===
  0.030934 / 0.502709  floor=0.18

=== bassin parisien ===
  cells_in_basin: 3
  median_area_km2: 6378.135571
  expected_uniform: 1.493
  ratio_vs_uniform: 2.009
  density_ratio_basin_vs_emptiest_quartile: 7.095

=== registre (retraits / emissions) ===
  retired_1000_1163: 0 (expected 164)
  active_ids: 401 range={'min': 1164, 'max': 1564}
  sample_supersedes: []

=== timings (s, derniere execution) ===
  adjacency: 0.851944
  capture: 2.646861
  cells: 7.308813
  export: 0.047283
  load_cities: 0.008903
  load_land: 0.281444
  seed: 29.995200
  total: 42.080791
  total_proof_wall: 96.909637

=== controles verts (donnee saine) ===
  Q1 green=True red_ok=True passed=True detail=tous valides red_proof=cells[0]_bowtie_self_intersection
  Q2 green=True red_ok=True passed=True detail=missing_m2=0.000 extra_m2=0.000 eps=10000.0 red_proof=drop_first_cell_creates_hole
  Q3 green=True red_ok=True passed=True detail=overlap_m2=0.036 eps=10000.0 red_proof=duplicate_geometry_overlap
  Q4 green=True red_ok=True passed=True detail=aucune isolee red_proof=empty_adjacency_all_isolated
  Q10 green=True red_ok=True passed=True detail=match_on=6_files red_proof=forced_sha_mismatch_cells_g3
  G3-A green=True red_ok=True passed=True detail=n=401_ok eps=10000.0 red_proof=cell_geometry_placed_in_sea
  G3-B green=False red_ok=True passed=False detail=part_154:covered_m2=554.3 red_proof=empty_cells_no_mass_covered
  G3-C green=True red_ok=True passed=True detail=stable_on=401_keys red_proof=domain_key_rebinding_different_id
  G3-D green=False red_ok=True passed=False detail=count=401 expected=[150,400] red_proof=cell_count_fifty_below_min
  G3-E green=False red_ok=True passed=False detail=cell_1164:area=27333.1>ceil=15000.0; cell_1168:area=22889.4>ceil=15000.0; cell_1172:area=15631.9>ceil=15000.0; cell_1177:area=19969.0>ceil=15000.0; cell_1180:area=28306.0>ceil=15000.0; cell_1194:area=36115.3>ceil=15000.0; cell_1196:area=29633.0>ceil=15000.0; cell_1206:area=35570.0>ceil=15000.0 red_proof=cell_area_above_ceil_like_v1_048_giant
  G3-F green=False red_ok=True passed=False detail=max=950145.0 median=2875.1 ratio=330.479 ceil=8.0 red_proof=max_median_ratio_728_like_v1_048
  G3-G green=False red_ok=True passed=False detail=cell_1225:pp=0.081<0.18; cell_1226:pp=0.098<0.18; cell_1247:pp=0.100<0.18; cell_1252:pp=0.096<0.18; cell_1288:pp=0.110<0.18; cell_1301:pp=0.177<0.18; cell_1315:pp=0.118<0.18; cell_1329:pp=0.078<0.18 red_proof=shard_compactness_below_floor
  G3-H green=True red_ok=True passed=True detail=retired=0 active=401 red_proof=retired_id_reissued_as_active
  G2b-B green=True red_ok=True passed=True detail=match_on=7_files red_proof=forced_sha_mismatch_vs_g2_reference

=== mutations rouges ===
  G3-A: case=cell_geometry_placed_in_sea became_red=True
  G3-B: case=empty_cells_no_mass_covered became_red=True
  G3-C: case=domain_key_rebinding_different_id became_red=True
  G3-D: case=cell_count_fifty_below_min became_red=True
  G3-E: case=cell_area_above_ceil_like_v1_048_giant became_red=True
  G3-F: case=max_median_ratio_728_like_v1_048 became_red=True
  G3-G: case=shard_compactness_below_floor became_red=True
  G3-H: case=retired_id_reissued_as_active became_red=True
  Q1: case=cells[0]_bowtie_self_intersection became_red=True
  Q10: case=forced_sha_mismatch_cells_g3 became_red=True
  Q2: case=drop_first_cell_creates_hole became_red=True
  Q3: case=duplicate_geometry_overlap became_red=True
  Q4: case=empty_adjacency_all_isolated became_red=True

=== determinisme SHA256 (run1 vs run2) ===
  artifacts/MANIFEST_g3.json: match=True
    run1=be8d807c0f97b59dddbfc18126fdf9581d1b8114686424c374f597f03d9da90f
    run2=be8d807c0f97b59dddbfc18126fdf9581d1b8114686424c374f597f03d9da90f
  artifacts/adjacency_g3.json: match=True
    run1=329de60402d1b0e8a682c22823dbe17ca8b5d36b5db69ef1fe9e7c1a4dcc350c
    run2=329de60402d1b0e8a682c22823dbe17ca8b5d36b5db69ef1fe9e7c1a4dcc350c
  artifacts/cells_g3.json: match=True
    run1=e522879edf92b81ff9ba7d03bff8f263b834cd9798211feb84b10d4b7c929e65
    run2=e522879edf92b81ff9ba7d03bff8f263b834cd9798211feb84b10d4b7c929e65
  artifacts/stats_g3.json: match=True
    run1=cfaf595d1d49ada62f7bbdcc7a70e70e4f2178dde8e991763e21c7610217db10
    run2=cfaf595d1d49ada62f7bbdcc7a70e70e4f2178dde8e991763e21c7610217db10
  registry/cell_registry.json: match=True
    run1=479e9dff3d6ba376e1d80cb3f3a0647b036ced33aada72a68ed97f1899f125a3
    run2=479e9dff3d6ba376e1d80cb3f3a0647b036ced33aada72a68ed97f1899f125a3
  registry/g6_density_refinement.json: match=True
    run1=f7a9dfd5b315eecea4c7d932ab7bfc57d75a6976dd3296931dd1b33097f1aada
    run2=f7a9dfd5b315eecea4c7d932ab7bfc57d75a6976dd3296931dd1b33097f1aada

=== reversibilite G2b-B heritee: passed=True match_on=7_files ===
captures: {'window': 'D:\\ForgeHistory\\pipeline\\geo\\capture\\v1_049_cells_window.png', 'coast_zoom': 'D:\\ForgeHistory\\pipeline\\geo\\capture\\v1_049_cells_coast_zoom.png', 'paris_basin': 'D:\\ForgeHistory\\pipeline\\geo\\capture\\v1_049_cells_paris_basin.png', 'paris_before_after': 'D:\\ForgeHistory\\pipeline\\geo\\capture\\v1_049_paris_basin_before_after.png'}
g6_refinement_registered: registry/g6_density_refinement.json (densite montagne/foret — non simulee)
FAIL — VERDICT MESURÉ: r(x) de 18 à 95 km (ratio 5.28), Lloyd 10 itérations, 401 cellules, identifiants 1164 à 1564, 1000-1163 retirés (0) avec supersedes ; surfaces 0 / 2875 / 950145 km² (min/médiane/max), rapport max/médiane 330.5 contre 728 avant ; compacité min 0.03 médiane 0.50 contre 0.105 et 0.541 ; 3 cellules dans le bassin parisien de surface médiane 6378 km² ; 213/213 masses couvertes ; 9/14 contrôles verts et rouges constatés ; deux exécutions identiques en SHA256=OK ; captures avant/après publiées
