PIPELINE G4 / v1_050 — zones de mer et adjacence typee
pipeline_version: 1.5.0-g4-v1_050
projection: EPSG:3035 (fallback=False)

=== entrees lues (une seule fois) ===
  cellules lues: 596 | cell_count declare par stats_g3: 596
  aretes terre-terre lues de adjacency_g3.json: 917
  noms de mer attestes lus: 14
  copie sea_zones.json identique au fichier Unity: 1 (empreintes calculees a l'execution)
  empreinte du littoral 1400 employe = entree declaree par MANIFEST_g3: False

=== la mer de 1400 (D2) ===
  composantes d'eau examinees: 116
  composantes retenues comme mer: 5 (dont enfermees: 2)
  composantes portant au moins une zone: 5
  plans d'eau exclus (lacs): 107
  eclats sous la tolerance geometrique ecartes: 4
  eaux enclavees non declarees mer: 0
  surface de mer: 5111079.462 km2

=== semis, Lloyd, Voronoi (D3, parametres LUS de constants.py) ===
  r_floor_m=100000.0 r_ceil_m=180000.0 master_seed=20260726 lloyd_iterations=10
  distance de reference mesuree d_ref_m: 434477.8864
  germes: 40 (dont obligatoires, un par composante: 5)
  plafond de compte atteint: True

=== zones de mer (D4) ===
  zones: 40 | fourchette lue [20, 40] | dans la fourchette: True
  identifiants: 5000 .. 5039 (base lue: 5000)
  collisions avec un cell_id: 0 | identifiants sous la base: 0
  surfaces km2 min/mediane/max: 2.426821 / 75206.320396 / 636001.063281
  compacite Polsby-Popper min/mediane/max: 0.034425 / 0.236846 / 0.770422

=== noms herites (D5 — proxy de localisation, jamais une cle spatiale) ===
  zones nommees: 40 / 40
  noms distincts employes: 13 / 14
  noms attestes non employes: 1 / 14
  noms hors liste attestee: []

=== graphe typé (D6, D7) ===
  aretes totales: 2085 | par type: {'land-land': 917, 'land-sea': 437, 'sea-sea': 63, 'strait': 668}
  cellules littorales (derivees des aretes terre-mer): 372 / 596
  aretes portant encore l'identifiant fourre-tout de mer G3: 0
  seuil de detroit lu: 45000.0 m
  ecart de detroit min/max mesure: 297.134615 / 44798.699015 m
  detroits entre deux masses terrestres distinctes: 551 / 668

=== liens topologiques declares (D8) ===
  declarations lues: 2 | appliquees: 2
  liens actifs  -> all_enclosed_reachable=True injoignables=[]
  liens coupes  -> all_enclosed_reachable=False injoignables=[5025, 5027]

=== confrontation QA au graphe herite (D10 — jamais une autorite spatiale) ===
  aretes heritees lues: 72
  confirmees: 5 | contredites: 53 | manquantes: 14
  qa_only: True

=== bornes d'intention (D13 — rapportees, non bloquantes) ===
  zones hors bornes d'intention: 24 / 40
  zones exemptees (bassin enferme entier): 2 / 40
  bornes lues: {'area_floor_km2': 200.0, 'area_ceil_km2': 80000.0, 'compactness_min': 0.12, 'blocking': False}

=== controles verts (donnee saine) ===
  Q1 green=True red_ok=True passed=True detail=tous valides
  Q4 green=True red_ok=True passed=True detail=aucune isolee
  Q7 green=True red_ok=True passed=True detail=ok
  Q10 green=True red_ok=True passed=True detail=match_on=9_files
  G4-A green=True red_ok=True passed=True detail=coastal=372 from_edges=372
  G4-B green=True red_ok=True passed=True detail=all_enclosed_reachable
  G4-C green=True red_ok=True passed=True detail=missing_m2=0.0 extra_m2=0.0 overlap_m2=-0.0
  G4-D green=True red_ok=True passed=True detail=sea_ids=5000..5039

=== preuves rouges (un cas par controle ; G4-B = cas naturel) ===
  G4-A: became_red=True case=littoralite_saisie_sur_cellule_10465_sans_arete_terre_mer
  G4-B: became_red=True case=cas_naturel_liens_topologiques_declares_coupes — bassins enfermes injoignables : IJsselmeer (zone 5025), Lauwerszee (zone 5027)
  G4-C: became_red=True case=zone_5025_retiree_trou_de_couverture
  G4-D: became_red=True case=zone_forcee_sur_identifiant_terrestre_1175
  Q1: became_red=True case=zone_de_mer_0_polygone_auto_secant
  Q10: became_red=True case=empreintes_divergentes_forcees_sur_artifacts/MANIFEST_g4.json
  Q4: became_red=True case=graphe_vide_toutes_entites_isolees
  Q7: became_red=True case=arete_terre_terre_8924_10167_requalifiee_en_detroit

=== determinisme SHA256 (passe 1 vs passe 2) ===
  artifacts/MANIFEST_g4.json: match=True
    passe1=85b146c42dd7598b68ffe6a8d80b47346838012142f1e22e3a1125aaf922cf02
    passe2=85b146c42dd7598b68ffe6a8d80b47346838012142f1e22e3a1125aaf922cf02
  artifacts/adjacency_divergence_g4.json: match=True
    passe1=c6713fcd36376dc7d0c5d7c35a30bb20fb21cb993ded1486144ea0059f959dfa
    passe2=c6713fcd36376dc7d0c5d7c35a30bb20fb21cb993ded1486144ea0059f959dfa
  artifacts/adjacency_g4.json: match=True
    passe1=1aba2adc46f8f6e97e9da98b8ff1f68422a31d95f3b25cead9fe8702e0c0bdd2
    passe2=1aba2adc46f8f6e97e9da98b8ff1f68422a31d95f3b25cead9fe8702e0c0bdd2
  artifacts/sea_zones_g4.json: match=True
    passe1=442def24c338e2fa174cb1c98deb17e661e77ca83f77bfc6f232e6b11c96299b
    passe2=442def24c338e2fa174cb1c98deb17e661e77ca83f77bfc6f232e6b11c96299b
  artifacts/stats_g4.json: match=True
    passe1=8f615167cfe968f70e9f9cac1e67e2ba3f13923ca717ccad3aa9331355f00d01
    passe2=8f615167cfe968f70e9f9cac1e67e2ba3f13923ca717ccad3aa9331355f00d01
  artifacts/topology_links_g4.json: match=True
    passe1=fb9fb20b8307a813d27eb8fa676465b0833eef5cd4b4b7ecf1c42ad99ee6f750
    passe2=fb9fb20b8307a813d27eb8fa676465b0833eef5cd4b4b7ecf1c42ad99ee6f750
  capture/v1_050_sea_zones_window.png: match=True
    passe1=4ee50d811a5d374de74efc0dee2bd1539a6cdfd8d9f4fce8e011959330c6b43a
    passe2=4ee50d811a5d374de74efc0dee2bd1539a6cdfd8d9f4fce8e011959330c6b43a
  capture/v1_050_zuiderzee_links_on.png: match=True
    passe1=d61e390b53fb62b7220f5bfe7eb34a9fd37f508eff38d7ff1a65f7c1e0b485cd
    passe2=d61e390b53fb62b7220f5bfe7eb34a9fd37f508eff38d7ff1a65f7c1e0b485cd
  registry/sea_zone_registry.json: match=True
    passe1=5ab13b4f6488b97cdec5b1fd053f93891f9136220e0330d2294f706b66170758
    passe2=5ab13b4f6488b97cdec5b1fd053f93891f9136220e0330d2294f706b66170758

=== faits structurels mesures ===
  aucune_arete_avec_id_mer_placeholder: True
  bassins_atteignables_liens_actifs: True
  bassins_injoignables_liens_coupes: True
  cellules_lues_egales_cell_count_g3: True
  cible_nom_atteste_trouvee: True
  collisions_id_mer_terre_nulles: True
  composantes_mer_couvertes_egales_totales: True
  copie_sea_zones_identique: True
  detroits_entre_masses_differentes: True
  divergence_comparaison_non_vide: True
  divergence_qa_only: True
  ids_mer_sous_la_base_nuls: True
  liens_declares_tous_appliques: True
  quatre_kinds_non_vides: True
  zones_mer_denombrees_dans_la_fourchette_lue: True

captures: {"window": "/workspace/pipeline/geo/capture/v1_050_sea_zones_window.png", "zuiderzee_links_on": "/workspace/pipeline/geo/capture/v1_050_zuiderzee_links_on.png"}
capture liens coupes: {"zuiderzee_links_off": "/workspace/pipeline/geo/capture/v1_050_zuiderzee_links_off.png"}
duree totale de la preuve: 76.461 s

CONSTAT OUVERT (escalade, D2/SC7) : l'empreinte du littoral corrige de 1400 regenere ici differe de celle que MANIFEST_g3.json declare comme entree des cellules. Elle est en revanche EGALE a celle que MANIFEST_g2b.json declare comme sortie de l'etape qui la produit — les deux valeurs sont calculees a l'execution, aucune n'est recopiee. Aucune borne n'est deplacee, aucun artefact G3 n'est touche.
CONSTAT OUVERT (D13) : 24 zones sur 40 sortent des bornes d'INTENTION de surface ou de compacite. Ces bornes ne sont pas bloquantes et ne sont pas deplacees. Cause mesuree : la mer retenue fait 5111079.462 km2 pour au plus 40 zones (borne d'acceptation lue), soit une surface moyenne tres au-dessus du plafond d'intention.
MESURE : 40 zones de mer (fourchette lue [20, 40]), 5/5 composantes d'eau couvertes, 2085 aretes {'land-land': 917, 'land-sea': 437, 'sea-sea': 63, 'strait': 668}, 372 cellules littorales derivees, 551 detroits entre masses distinctes (ecart min 297.134615 m, seuil lu 45000.0 m), 2 liens declares appliques ; liens actifs -> tout bassin atteignable, liens coupes -> 2 bassins injoignables ; 8/8 controles verts et rouges constates ; deux passes identiques en SHA256=OK sur 9 fichiers
